<?xml version="1.0" encoding="UTF-8"?>
<testsuites name="jest tests" tests="4" failures="0" errors="0" time="1.004">
  <testsuite name="undefined" errors="0" failures="0" skipped="0" timestamp="2025-04-23T14:46:35" time="0.572" tests="2">
    <testcase classname=" adds 1 + 2 to equal 3" name=" adds 1 + 2 to equal 3" time="0.003">
    </testcase>
    <testcase classname=" multiply 1 * 2 muliple " name=" multiply 1 * 2 muliple " time="0">
    </testcase>
  </testsuite>
  <testsuite name="undefined" errors="0" failures="0" skipped="0" timestamp="2025-04-23T14:46:35" time="0.135" tests="1">
    <testcase classname=" adds 1 + 2 to equal 3" name=" adds 1 + 2 to equal 3" time="0.001">
    </testcase>
  </testsuite>
  <testsuite name="undefined" errors="0" failures="0" skipped="0" timestamp="2025-04-23T14:46:35" time="0.104" tests="1">
    <testcase classname=" multiply 1 * 2 muliple " name=" multiply 1 * 2 muliple " time="0.001">
    </testcase>
  </testsuite>
</testsuites>